// Jest Snapshot v1, https://goo.gl/fbAQLP

exports[`Login Component matches the snapshot 1`] = `
<div>
  <div
    class="flex flex-col items-center justify-center min-h-screen bg-gray-100"
  >
    <div
      class="p-6 bg-white rounded-lg shadow-md w-96 relative"
    >
      <h2
        class="text-xl font-bold mb-4"
      >
        Login
      </h2>
      <form>
        <input
          class="border p-2 rounded w-full mb-2"
          name="email"
          placeholder="Email"
          type="email"
        />
        <input
          class="border p-2 rounded w-full mb-2"
          name="password"
          placeholder="Password"
          type="password"
        />
        <button
          class="p-2 mt-2 rounded w-full text-white bg-blue-500 hover:bg-blue-700"
          type="submit"
        >
          Next
        </button>
      </form>
    </div>
  </div>
</div>
`;
